// Jest Snapshot v1, https://goo.gl/fbAQLP

exports[`should rendered MovieWall should render my component 1`] = `
Array [
  <div
    className="photoGrid"
  >
    <div>
      <figure>
        <Photo
          url="/dzBtMocZuJbjLOXvrl4zGYigDzh.jpg"
        />
        <figcaption>
          <h5>
            Title: 
            The Lion King
          </h5>
        </figcaption>
        <figcaption>
          <h5>
            Rating: 
            7.2
          </h5>
        </figcaption>
        <figcaption>
          <h5>
            Popularity: 
          </h5>
        </figcaption>
        <figcaption>
          <h5>
            Genre: 
          </h5>
        </figcaption>
      </figure>
    </div>
  </div>,
]
`;
